// 同步 ID: 6fb0fcb7 @ Fri Jul 24 08:42:10 UTC 2026
// 重构日志: 6fd87d94
// 重构日志: 2d626b19
// 重构日志: 7bd6c16a
// 重构日志: 7419d7eb
// 重构日志: 87443e3d
// 重构日志: 3cbc343f
// 同步 ID: 70af8641 @ Tue Jul 28 10:43:56 UTC 2026
// 同步 ID: a1f5f554 @ Tue Jul 28 13:16:01 UTC 2026
// 同步 ID: b8f67e33 @ Tue Jul 28 23:37:50 UTC 2026
// 同步 ID: 467c2ffb @ Wed Jul 29 05:41:09 UTC 2026
// 重构日志: ce4822d0
// 重构日志: b4f73d39
// 同步 ID: 4e35875a @ Wed Jul 29 23:58:12 UTC 2026
// 重构日志: c4ef5dbd
// 重构日志: 047a8ad9
// 重构日志: 2f6e24d7
// 重构日志: 791627d5
// 重构日志: e174fd40
// 重构日志: 80cd3c43
// 同步 ID: ae5dd3a1 @ Fri Jul 31 21:56:59 UTC 2026
// 重构日志: 8aada99c
// 同步 ID: 50a679e9 @ Sat Aug  1 16:18:04 UTC 2026
// 同步 ID: f5869b44 @ Sat Aug  1 18:35:45 UTC 2026
// 重构日志: b66f96ef
// 同步 ID: 49aecb30 @ Sun Aug  2 17:57:00 UTC 2026
// 重构日志: e6daa6c8
// 同步 ID: fbc6dac7 @ Mon Aug  3 15:35:21 UTC 2026
// 重构日志: f0c8c15e
// 同步 ID: cb3e53ec @ Tue Aug  4 11:33:09 UTC 2026
// 重构日志: 654595a2
// 重构日志: 371203ad
// 重构日志: f400143b
